16:57:36.205 [TestNG-tests-1] DEBUG org.apache.poi.openxml4j.opc.PackageRelationshipCollection - Parsing relationship: /xl/_rels/workbook.xml.rels
16:57:36.229 [TestNG-tests-1] DEBUG org.apache.poi.openxml4j.opc.PackageRelationshipCollection - Parsing relationship: /xl/worksheets/_rels/sheet1.xml.rels
16:57:36.231 [TestNG-tests-1] DEBUG org.apache.poi.openxml4j.opc.PackageRelationshipCollection - Parsing relationship: /_rels/.rels
16:57:36.263 [TestNG-tests-1] DEBUG org.apache.poi.openxml4j.opc.PackageRelationshipCollection - Parsing relationship: /xl/_rels/workbook.xml.rels
16:57:36.265 [TestNG-tests-1] DEBUG org.apache.poi.openxml4j.opc.PackageRelationshipCollection - Parsing relationship: /xl/worksheets/_rels/sheet1.xml.rels
16:57:36.268 [TestNG-tests-1] DEBUG org.apache.poi.openxml4j.opc.PackageRelationshipCollection - Parsing relationship: /_rels/.rels
16:57:36.301 [TestNG-tests-1] INFO  testCases.TC003_LoginDDT - ***** stating TC_003_LoginDDT ******
16:57:42.113 [TestNG-tests-3] INFO  testCases.TC001_AccountRegistrationTest - ***** Starting TC001_AccountRegistrationTest ****
16:57:42.555 [TestNG-tests-3] INFO  testCases.TC001_AccountRegistrationTest - Clicked on MyAccount Link..
16:57:43.820 [TestNG-tests-3] INFO  testCases.TC001_AccountRegistrationTest - Clicked on Register Link..
16:57:43.821 [TestNG-tests-3] INFO  testCases.TC001_AccountRegistrationTest - Providing customer details...
16:57:45.619 [TestNG-tests-3] INFO  testCases.TC001_AccountRegistrationTest - Validating expected message..
16:57:45.691 [TestNG-tests-3] INFO  testCases.TC001_AccountRegistrationTest - ***** Finished TC001_AccountRegistrationTest ****
16:59:11.592 [main] DEBUG org.testng.TestNG - suiteXmlPath: "C:\Users\bgaya\eclipse-workspace\OpencartV121\master.xml"
16:59:11.898 [main] INFO  org.testng.internal.Utils - [TestNG] Running:
  C:\Users\bgaya\eclipse-workspace\OpencartV121\master.xml

16:59:16.001 [TestNG-tests-1] INFO  testCases.TC001_AccountRegistrationTest - ***** Starting TC001_AccountRegistrationTest ****
16:59:16.244 [TestNG-tests-1] INFO  testCases.TC001_AccountRegistrationTest - Clicked on MyAccount Link..
16:59:17.003 [TestNG-tests-1] INFO  testCases.TC001_AccountRegistrationTest - Clicked on Register Link..
16:59:17.008 [TestNG-tests-1] INFO  testCases.TC001_AccountRegistrationTest - Providing customer details...
16:59:19.502 [TestNG-tests-1] INFO  testCases.TC001_AccountRegistrationTest - Validating expected message..
16:59:19.565 [TestNG-tests-1] INFO  testCases.TC001_AccountRegistrationTest - ***** Finished TC001_AccountRegistrationTest ****
16:59:22.206 [TestNG-tests-1] INFO  testCases.TC002_LoginTest - ****** Starting TC_002_LoginTest ******
16:59:24.358 [TestNG-tests-1] INFO  testCases.TC002_LoginTest - ****** Finished TC_002_LoginTest ******
21:33:30.042 [main] DEBUG org.testng.TestNG - suiteXmlPath: "C:\Users\bgaya\eclipse-workspace\OpencartV121\grid-docker.xml"
21:33:30.447 [main] INFO  org.testng.internal.Utils - [TestNG] Running:
  C:\Users\bgaya\eclipse-workspace\OpencartV121\grid-docker.xml

21:35:32.695 [main] DEBUG org.testng.TestNG - suiteXmlPath: "C:\Users\bgaya\eclipse-workspace\OpencartV121\grid-docker.xml"
21:35:33.079 [main] INFO  org.testng.internal.Utils - [TestNG] Running:
  C:\Users\bgaya\eclipse-workspace\OpencartV121\grid-docker.xml

21:36:38.489 [main] DEBUG org.testng.TestNG - suiteXmlPath: "C:\Users\bgaya\eclipse-workspace\OpencartV121\grid-docker.xml"
21:36:38.766 [main] INFO  org.testng.internal.Utils - [TestNG] Running:
  C:\Users\bgaya\eclipse-workspace\OpencartV121\grid-docker.xml

21:38:34.594 [main] DEBUG org.testng.TestNG - suiteXmlPath: "C:\Users\bgaya\eclipse-workspace\OpencartV121\master.xml"
21:38:34.874 [main] INFO  org.testng.internal.Utils - [TestNG] Running:
  C:\Users\bgaya\eclipse-workspace\OpencartV121\master.xml

21:40:43.946 [main] DEBUG org.testng.TestNG - suiteXmlPath: "C:\Users\bgaya\eclipse-workspace\OpencartV121\master.xml"
21:40:44.248 [main] INFO  org.testng.internal.Utils - [TestNG] Running:
  C:\Users\bgaya\eclipse-workspace\OpencartV121\master.xml

21:42:45.265 [main] DEBUG org.testng.TestNG - suiteXmlPath: "C:\Users\bgaya\eclipse-workspace\OpencartV121\master.xml"
21:42:45.575 [main] INFO  org.testng.internal.Utils - [TestNG] Running:
  C:\Users\bgaya\eclipse-workspace\OpencartV121\master.xml

21:46:22.383 [main] DEBUG org.testng.TestNG - suiteXmlPath: "C:\Users\bgaya\eclipse-workspace\OpencartV121\grid-docker.xml"
21:46:22.689 [main] INFO  org.testng.internal.Utils - [TestNG] Running:
  C:\Users\bgaya\eclipse-workspace\OpencartV121\grid-docker.xml

21:47:19.516 [main] DEBUG org.testng.TestNG - suiteXmlPath: "C:\Users\bgaya\eclipse-workspace\OpencartV121\grid-docker.xml"
21:47:19.780 [main] INFO  org.testng.internal.Utils - [TestNG] Running:
  C:\Users\bgaya\eclipse-workspace\OpencartV121\grid-docker.xml

21:48:46.490 [main] DEBUG org.testng.TestNG - suiteXmlPath: "C:\Users\bgaya\eclipse-workspace\OpencartV121\grid-docker.xml"
