21:48:46.785 [main] INFO  org.testng.internal.Utils - [TestNG] Running:
  C:\Users\bgaya\eclipse-workspace\OpencartV121\grid-docker.xml

21:49:35.774 [main] DEBUG org.testng.TestNG - suiteXmlPath: "C:\Users\bgaya\eclipse-workspace\OpencartV121\grid-docker.xml"
21:49:36.061 [main] INFO  org.testng.internal.Utils - [TestNG] Running:
  C:\Users\bgaya\eclipse-workspace\OpencartV121\grid-docker.xml

21:59:16.356 [main] DEBUG org.testng.TestNG - suiteXmlPath: "C:\Users\bgaya\eclipse-workspace\OpencartV121\master.xml"
21:59:16.598 [main] INFO  org.testng.internal.Utils - [TestNG] Running:
  C:\Users\bgaya\eclipse-workspace\OpencartV121\master.xml

18:40:47.088 [main] DEBUG org.testng.TestNG - suiteXmlPath: "C:\Users\bgaya\eclipse-workspace\OpencartV121\master.xml"
18:40:47.379 [main] INFO  org.testng.internal.Utils - [TestNG] Running:
  C:\Users\bgaya\eclipse-workspace\OpencartV121\master.xml

18:40:55.554 [TestNG-tests-1] INFO  testCases.TC001_AccountRegistrationTest - ***** Starting TC001_AccountRegistrationTest ****
18:40:55.747 [TestNG-tests-1] INFO  testCases.TC001_AccountRegistrationTest - Clicked on MyAccount Link..
18:40:56.226 [TestNG-tests-1] INFO  testCases.TC001_AccountRegistrationTest - Clicked on Register Link..
18:40:56.235 [TestNG-tests-1] INFO  testCases.TC001_AccountRegistrationTest - Providing customer details...
18:40:58.751 [TestNG-tests-1] INFO  testCases.TC001_AccountRegistrationTest - Validating expected message..
18:40:58.820 [TestNG-tests-1] INFO  testCases.TC001_AccountRegistrationTest - ***** Finished TC001_AccountRegistrationTest ****
18:41:01.881 [TestNG-tests-1] INFO  testCases.TC002_LoginTest - ****** Starting TC_002_LoginTest ******
18:41:03.590 [TestNG-tests-1] INFO  testCases.TC002_LoginTest - ****** Finished TC_002_LoginTest ******
18:42:08.482 [main] DEBUG org.testng.TestNG - suiteXmlPath: "C:\Users\bgaya\eclipse-workspace\OpencartV121\master.xml"
18:42:08.663 [main] INFO  org.testng.internal.Utils - [TestNG] Running:
  C:\Users\bgaya\eclipse-workspace\OpencartV121\master.xml

18:42:12.120 [TestNG-tests-1] INFO  testCases.TC001_AccountRegistrationTest - ***** Starting TC001_AccountRegistrationTest ****
18:42:12.259 [TestNG-tests-1] INFO  testCases.TC001_AccountRegistrationTest - Clicked on MyAccount Link..
18:42:12.752 [TestNG-tests-1] INFO  testCases.TC001_AccountRegistrationTest - Clicked on Register Link..
18:42:12.754 [TestNG-tests-1] INFO  testCases.TC001_AccountRegistrationTest - Providing customer details...
18:42:14.407 [TestNG-tests-1] INFO  testCases.TC001_AccountRegistrationTest - Validating expected message..
18:42:14.451 [TestNG-tests-1] INFO  testCases.TC001_AccountRegistrationTest - ***** Finished TC001_AccountRegistrationTest ****
18:42:18.677 [TestNG-tests-1] INFO  testCases.TC002_LoginTest - ****** Starting TC_002_LoginTest ******
18:42:20.658 [TestNG-tests-1] INFO  testCases.TC002_LoginTest - ****** Finished TC_002_LoginTest ******
19:30:14.064 [main] DEBUG org.testng.TestNG - suiteXmlPath: "C:\Users\bgaya\eclipse-workspace\OpencartV121\master.xml"
19:30:22.172 [TestNG-tests-1] INFO  testCases.TC001_AccountRegistrationTest - ***** Starting TC001_AccountRegistrationTest ****
19:30:22.401 [TestNG-tests-1] INFO  testCases.TC001_AccountRegistrationTest - Clicked on MyAccount Link..
19:30:23.146 [TestNG-tests-1] INFO  testCases.TC001_AccountRegistrationTest - Clicked on Register Link..
19:30:23.150 [TestNG-tests-1] INFO  testCases.TC001_AccountRegistrationTest - Providing customer details...
19:30:27.751 [TestNG-tests-1] INFO  testCases.TC001_AccountRegistrationTest - Validating expected message..
19:30:27.824 [TestNG-tests-1] INFO  testCases.TC001_AccountRegistrationTest - ***** Finished TC001_AccountRegistrationTest ****
19:30:31.309 [TestNG-tests-1] INFO  testCases.TC002_LoginTest - ****** Starting TC_002_LoginTest ******
19:30:33.578 [TestNG-tests-1] INFO  testCases.TC002_LoginTest - ****** Finished TC_002_LoginTest ******
19:50:44.593 [main] DEBUG org.testng.TestNG - suiteXmlPath: "C:\Users\bgaya\eclipse-workspace\OpencartV121\master.xml"
19:50:48.434 [TestNG-tests-1] INFO  testCases.TC001_AccountRegistrationTest - ***** Starting TC001_AccountRegistrationTest ****
19:50:48.651 [TestNG-tests-1] INFO  testCases.TC001_AccountRegistrationTest - Clicked on MyAccount Link..
19:50:49.287 [TestNG-tests-1] INFO  testCases.TC001_AccountRegistrationTest - Clicked on Register Link..
19:50:49.293 [TestNG-tests-1] INFO  testCases.TC001_AccountRegistrationTest - Providing customer details...
19:50:52.759 [TestNG-tests-1] INFO  testCases.TC001_AccountRegistrationTest - Validating expected message..
19:50:52.831 [TestNG-tests-1] INFO  testCases.TC001_AccountRegistrationTest - ***** Finished TC001_AccountRegistrationTest ****
19:50:55.790 [TestNG-tests-1] INFO  testCases.TC002_LoginTest - ****** Starting TC_002_LoginTest ******
19:50:58.057 [TestNG-tests-1] INFO  testCases.TC002_LoginTest - ****** Finished TC_002_LoginTest ******
19:51:31.744 [main] DEBUG org.testng.TestNG - suiteXmlPath: "C:\Users\bgaya\eclipse-workspace\OpencartV121\master.xml"
